// Jest Snapshot v1, https://goo.gl/fbAQLP

exports[`Snapshot Test 1`] = `
{
  "Outputs": {
    "SnowflakeApiAllowedPrefixes": {
      "Description": "api_allowed_prefixes",
      "Value": {
        "Fn::Join": [
          "",
          [
            "https://",
            {
              "Ref": "devsnowflakeawsmysqlconnectorrestapi7DB334E9",
            },
            ".execute-api.ap-northeast-1.",
            {
              "Ref": "AWS::URLSuffix",
            },
            "/",
            {
              "Ref": "devsnowflakeawsmysqlconnectorrestapiDeploymentStagedefault644A3DD6",
            },
            "/",
          ],
        ],
      },
    },
    "SnowflakeApiAwsRoleArn": {
      "Description": "api_aws_role_arn",
      "Value": {
        "Fn::GetAtt": [
          "devsnowflakeawsmysqlconnectorsnowflakeroleDE07CE19",
          "Arn",
        ],
      },
    },
    "devsnowflakeawsmysqlconnectorrestapiEndpointC27E1C14": {
      "Value": {
        "Fn::Join": [
          "",
          [
            "https://",
            {
              "Ref": "devsnowflakeawsmysqlconnectorrestapi7DB334E9",
            },
            ".execute-api.ap-northeast-1.",
            {
              "Ref": "AWS::URLSuffix",
            },
            "/",
            {
              "Ref": "devsnowflakeawsmysqlconnectorrestapiDeploymentStagedefault644A3DD6",
            },
            "/",
          ],
        ],
      },
    },
  },
  "Parameters": {
    "BootstrapVersion": {
      "Default": "/cdk-bootstrap/hnb659fds/version",
      "Description": "Version of the CDK Bootstrap resources in this environment, automatically retrieved from SSM Parameter Store. [cdk:skip]",
      "Type": "AWS::SSM::Parameter::Value<String>",
    },
  },
  "Resources": {
    "LogRetentionaae0aa3c5b4d4f87b02d85b201efdd8aFD4BFC8A": {
      "DependsOn": [
        "LogRetentionaae0aa3c5b4d4f87b02d85b201efdd8aServiceRoleDefaultPolicyADDA7DEB",
        "LogRetentionaae0aa3c5b4d4f87b02d85b201efdd8aServiceRole9741ECFB",
      ],
      "Properties": {
        "Code": {
          "S3Bucket": "cdk-hnb659fds-assets-123456789012-ap-northeast-1",
          "S3Key": "5cc92ed0cea39e2b8de2dbc527dfb5980a3af9564bd1084d840b9787c7d0467e.zip",
        },
        "Handler": "index.handler",
        "Role": {
          "Fn::GetAtt": [
            "LogRetentionaae0aa3c5b4d4f87b02d85b201efdd8aServiceRole9741ECFB",
            "Arn",
          ],
        },
        "Runtime": "nodejs18.x",
      },
      "Type": "AWS::Lambda::Function",
    },
    "LogRetentionaae0aa3c5b4d4f87b02d85b201efdd8aServiceRole9741ECFB": {
      "Properties": {
        "AssumeRolePolicyDocument": {
          "Statement": [
            {
              "Action": "sts:AssumeRole",
              "Effect": "Allow",
              "Principal": {
                "Service": "lambda.amazonaws.com",
              },
            },
          ],
          "Version": "2012-10-17",
        },
        "ManagedPolicyArns": [
          {
            "Fn::Join": [
              "",
              [
                "arn:",
                {
                  "Ref": "AWS::Partition",
                },
                ":iam::aws:policy/service-role/AWSLambdaBasicExecutionRole",
              ],
            ],
          },
        ],
      },
      "Type": "AWS::IAM::Role",
    },
    "LogRetentionaae0aa3c5b4d4f87b02d85b201efdd8aServiceRoleDefaultPolicyADDA7DEB": {
      "Properties": {
        "PolicyDocument": {
          "Statement": [
            {
              "Action": [
                "logs:PutRetentionPolicy",
                "logs:DeleteRetentionPolicy",
              ],
              "Effect": "Allow",
              "Resource": "*",
            },
          ],
          "Version": "2012-10-17",
        },
        "PolicyName": "LogRetentionaae0aa3c5b4d4f87b02d85b201efdd8aServiceRoleDefaultPolicyADDA7DEB",
        "Roles": [
          {
            "Ref": "LogRetentionaae0aa3c5b4d4f87b02d85b201efdd8aServiceRole9741ECFB",
          },
        ],
      },
      "Type": "AWS::IAM::Policy",
    },
    "devsnowflakeawsmysqlconnectorB5BFA4DE": {
      "DependsOn": [
        "devsnowflakeawsmysqlconnectorServiceRoleE8A8AC35",
      ],
      "Properties": {
        "Code": {
          "S3Bucket": "cdk-hnb659fds-assets-123456789012-ap-northeast-1",
          "S3Key": "9237631b006453b8d2b275e61053dbf9c1ec0da492720b99a9d83ce3b802c656.zip",
        },
        "Environment": {
          "Variables": {
            "STACK_ENV": "snapshot-test",
          },
        },
        "FunctionName": "dev-snowflake-aws-mysql-connector",
        "Handler": "index.handler",
        "Layers": [
          {
            "Ref": "devsnowflakeawsmysqlconnectorlayer664871FA",
          },
        ],
        "Role": {
          "Fn::GetAtt": [
            "devsnowflakeawsmysqlconnectorServiceRoleE8A8AC35",
            "Arn",
          ],
        },
        "Runtime": "nodejs16.x",
        "Timeout": 10,
        "VpcConfig": {
          "SecurityGroupIds": [
            "sg-abcdefghijk123",
          ],
          "SubnetIds": [
            "subnet-abcdefghijk123",
          ],
        },
      },
      "Type": "AWS::Lambda::Function",
    },
    "devsnowflakeawsmysqlconnectorLogRetentionEF04D299": {
      "Properties": {
        "LogGroupName": {
          "Fn::Join": [
            "",
            [
              "/aws/lambda/",
              {
                "Ref": "devsnowflakeawsmysqlconnectorB5BFA4DE",
              },
            ],
          ],
        },
        "RetentionInDays": 3,
        "ServiceToken": {
          "Fn::GetAtt": [
            "LogRetentionaae0aa3c5b4d4f87b02d85b201efdd8aFD4BFC8A",
            "Arn",
          ],
        },
      },
      "Type": "Custom::LogRetention",
    },
    "devsnowflakeawsmysqlconnectorServiceRoleE8A8AC35": {
      "Properties": {
        "AssumeRolePolicyDocument": {
          "Statement": [
            {
              "Action": "sts:AssumeRole",
              "Effect": "Allow",
              "Principal": {
                "Service": "lambda.amazonaws.com",
              },
            },
          ],
          "Version": "2012-10-17",
        },
        "ManagedPolicyArns": [
          {
            "Fn::Join": [
              "",
              [
                "arn:",
                {
                  "Ref": "AWS::Partition",
                },
                ":iam::aws:policy/service-role/AWSLambdaBasicExecutionRole",
              ],
            ],
          },
          {
            "Fn::Join": [
              "",
              [
                "arn:",
                {
                  "Ref": "AWS::Partition",
                },
                ":iam::aws:policy/service-role/AWSLambdaVPCAccessExecutionRole",
              ],
            ],
          },
        ],
      },
      "Type": "AWS::IAM::Role",
    },
    "devsnowflakeawsmysqlconnectorlayer664871FA": {
      "Properties": {
        "CompatibleRuntimes": [
          "nodejs16.x",
        ],
        "Content": {
          "S3Bucket": "cdk-hnb659fds-assets-123456789012-ap-northeast-1",
          "S3Key": "9237631b006453b8d2b275e61053dbf9c1ec0da492720b99a9d83ce3b802c656.zip",
        },
      },
      "Type": "AWS::Lambda::LayerVersion",
    },
    "devsnowflakeawsmysqlconnectorrestapi7DB334E9": {
      "Properties": {
        "Description": "Managed by CloudFormation (CDK)",
        "EndpointConfiguration": {
          "Types": [
            "REGIONAL",
          ],
        },
        "Name": "dev-snowflake-aws-mysql-connector-rest-api",
        "Policy": {
          "Statement": [
            {
              "Action": "execute-api:Invoke",
              "Effect": "Allow",
              "Principal": {
                "AWS": {
                  "Fn::Join": [
                    "",
                    [
                      "arn:aws:sts::123456789012:assumed-role/",
                      {
                        "Ref": "devsnowflakeawsmysqlconnectorsnowflakeroleDE07CE19",
                      },
                      "/snowflake",
                    ],
                  ],
                },
              },
              "Resource": "execute-api:/*/POST/*",
            },
          ],
          "Version": "2012-10-17",
        },
      },
      "Type": "AWS::ApiGateway::RestApi",
    },
    "devsnowflakeawsmysqlconnectorrestapiAccount672C168F": {
      "DeletionPolicy": "Retain",
      "DependsOn": [
        "devsnowflakeawsmysqlconnectorrestapi7DB334E9",
      ],
      "Properties": {
        "CloudWatchRoleArn": {
          "Fn::GetAtt": [
            "devsnowflakeawsmysqlconnectorrestapiCloudWatchRole0D1A85FA",
            "Arn",
          ],
        },
      },
      "Type": "AWS::ApiGateway::Account",
      "UpdateReplacePolicy": "Retain",
    },
    "devsnowflakeawsmysqlconnectorrestapiCloudWatchRole0D1A85FA": {
      "DeletionPolicy": "Retain",
      "Properties": {
        "AssumeRolePolicyDocument": {
          "Statement": [
            {
              "Action": "sts:AssumeRole",
              "Effect": "Allow",
              "Principal": {
                "Service": "apigateway.amazonaws.com",
              },
            },
          ],
          "Version": "2012-10-17",
        },
        "ManagedPolicyArns": [
          {
            "Fn::Join": [
              "",
              [
                "arn:",
                {
                  "Ref": "AWS::Partition",
                },
                ":iam::aws:policy/service-role/AmazonAPIGatewayPushToCloudWatchLogs",
              ],
            ],
          },
        ],
      },
      "Type": "AWS::IAM::Role",
      "UpdateReplacePolicy": "Retain",
    },
    "devsnowflakeawsmysqlconnectorrestapiDeployment21018569f92c222ca27c177b787a1f9910d359b8": {
      "DependsOn": [
        "devsnowflakeawsmysqlconnectorrestapiPOST5D0B9390",
      ],
      "Properties": {
        "Description": "Managed by CloudFormation (CDK)",
        "RestApiId": {
          "Ref": "devsnowflakeawsmysqlconnectorrestapi7DB334E9",
        },
      },
      "Type": "AWS::ApiGateway::Deployment",
    },
    "devsnowflakeawsmysqlconnectorrestapiDeploymentStagedefault644A3DD6": {
      "DependsOn": [
        "devsnowflakeawsmysqlconnectorrestapiAccount672C168F",
      ],
      "Properties": {
        "DeploymentId": {
          "Ref": "devsnowflakeawsmysqlconnectorrestapiDeployment21018569f92c222ca27c177b787a1f9910d359b8",
        },
        "RestApiId": {
          "Ref": "devsnowflakeawsmysqlconnectorrestapi7DB334E9",
        },
        "StageName": "default",
      },
      "Type": "AWS::ApiGateway::Stage",
    },
    "devsnowflakeawsmysqlconnectorrestapiPOST5D0B9390": {
      "Properties": {
        "AuthorizationType": "AWS_IAM",
        "HttpMethod": "POST",
        "Integration": {
          "IntegrationHttpMethod": "POST",
          "Type": "AWS_PROXY",
          "Uri": {
            "Fn::Join": [
              "",
              [
                "arn:",
                {
                  "Ref": "AWS::Partition",
                },
                ":apigateway:ap-northeast-1:lambda:path/2015-03-31/functions/",
                {
                  "Fn::GetAtt": [
                    "devsnowflakeawsmysqlconnectorB5BFA4DE",
                    "Arn",
                  ],
                },
                "/invocations",
              ],
            ],
          },
        },
        "ResourceId": {
          "Fn::GetAtt": [
            "devsnowflakeawsmysqlconnectorrestapi7DB334E9",
            "RootResourceId",
          ],
        },
        "RestApiId": {
          "Ref": "devsnowflakeawsmysqlconnectorrestapi7DB334E9",
        },
      },
      "Type": "AWS::ApiGateway::Method",
    },
    "devsnowflakeawsmysqlconnectorrestapiPOSTApiPermissionSnowflakeAWSMySQLConnectorTestStackdevsnowflakeawsmysqlconnectorrestapi8FC7755BPOST2C201A90": {
      "Properties": {
        "Action": "lambda:InvokeFunction",
        "FunctionName": {
          "Fn::GetAtt": [
            "devsnowflakeawsmysqlconnectorB5BFA4DE",
            "Arn",
          ],
        },
        "Principal": "apigateway.amazonaws.com",
        "SourceArn": {
          "Fn::Join": [
            "",
            [
              "arn:",
              {
                "Ref": "AWS::Partition",
              },
              ":execute-api:ap-northeast-1:123456789012:",
              {
                "Ref": "devsnowflakeawsmysqlconnectorrestapi7DB334E9",
              },
              "/",
              {
                "Ref": "devsnowflakeawsmysqlconnectorrestapiDeploymentStagedefault644A3DD6",
              },
              "/POST/",
            ],
          ],
        },
      },
      "Type": "AWS::Lambda::Permission",
    },
    "devsnowflakeawsmysqlconnectorrestapiPOSTApiPermissionTestSnowflakeAWSMySQLConnectorTestStackdevsnowflakeawsmysqlconnectorrestapi8FC7755BPOST29C577B2": {
      "Properties": {
        "Action": "lambda:InvokeFunction",
        "FunctionName": {
          "Fn::GetAtt": [
            "devsnowflakeawsmysqlconnectorB5BFA4DE",
            "Arn",
          ],
        },
        "Principal": "apigateway.amazonaws.com",
        "SourceArn": {
          "Fn::Join": [
            "",
            [
              "arn:",
              {
                "Ref": "AWS::Partition",
              },
              ":execute-api:ap-northeast-1:123456789012:",
              {
                "Ref": "devsnowflakeawsmysqlconnectorrestapi7DB334E9",
              },
              "/test-invoke-stage/POST/",
            ],
          ],
        },
      },
      "Type": "AWS::Lambda::Permission",
    },
    "devsnowflakeawsmysqlconnectorsnowflakeroleDE07CE19": {
      "Properties": {
        "AssumeRolePolicyDocument": {
          "Statement": [
            {
              "Action": "sts:AssumeRole",
              "Condition": {
                "StringEquals": {
                  "sts:ExternalId": "snowflake-external-id",
                },
              },
              "Effect": "Allow",
              "Principal": {
                "AWS": "arn:aws:iam::987654321098:user/snowflake-iam-user",
              },
            },
          ],
          "Version": "2012-10-17",
        },
        "RoleName": "dev-snowflake-aws-mysql-connector-execution-role-for-snowflake",
      },
      "Type": "AWS::IAM::Role",
    },
  },
  "Rules": {
    "CheckBootstrapVersion": {
      "Assertions": [
        {
          "Assert": {
            "Fn::Not": [
              {
                "Fn::Contains": [
                  [
                    "1",
                    "2",
                    "3",
                    "4",
                    "5",
                  ],
                  {
                    "Ref": "BootstrapVersion",
                  },
                ],
              },
            ],
          },
          "AssertDescription": "CDK bootstrap stack version 6 required. Please run 'cdk bootstrap' with a recent version of the CDK CLI.",
        },
      ],
    },
  },
}
`;
